// Jest Snapshot v1, https://goo.gl/fbAQLP

exports[`data-loader calling refresh when already refreshing ignores the action 1`] = `
Object {
  "events": Array [
    Object {
      "state": Object {},
      "type": "state-changed",
    },
    Object {
      "state": Object {
        "59edd2a8": Object {
          "data": Object {
            "hasData": false,
          },
          "lastAction": Object {
            "success": true,
            "type": "none",
          },
          "status": "Fetching",
        },
      },
      "type": "state-changed",
    },
    Object {
      "data": Object {
        "resourceLoadParamsHash": "59edd2a8",
        "resourceType": "testDataType",
      },
      "type": "begin-loading-event",
    },
    Object {
      "state": Object {
        "59edd2a8": Object {
          "data": Object {
            "dataFromServerSideRender": false,
            "hasData": true,
            "result": Object {
              "result": "Test",
            },
          },
          "lastAction": Object {
            "success": true,
            "type": "fetch",
          },
          "status": "Idle",
        },
      },
      "type": "state-changed",
    },
    Object {
      "data": Object {
        "resourceLoadParamsHash": "59edd2a8",
        "resourceType": "testDataType",
      },
      "type": "end-loading-event",
    },
    Object {
      "data": Object {
        "resourceLoadParamsHash": "59edd2a8",
        "resourceType": "testDataType",
      },
      "type": "data-load-completed",
    },
    Object {
      "state": Object {
        "59edd2a8": Object {
          "data": Object {
            "dataFromServerSideRender": false,
            "hasData": true,
            "result": Object {
              "result": "Test",
            },
          },
          "lastAction": Object {
            "success": true,
            "type": "none",
          },
          "status": "Fetching",
        },
      },
      "type": "state-changed",
    },
    Object {
      "data": Object {
        "resourceLoadParamsHash": "59edd2a8",
        "resourceType": "testDataType",
      },
      "type": "begin-loading-event",
    },
    Object {
      "state": Object {
        "59edd2a8": Object {
          "data": Object {
            "dataFromServerSideRender": false,
            "hasData": true,
            "result": Object {
              "result": "Test",
            },
          },
          "lastAction": Object {
            "success": true,
            "type": "none",
          },
          "status": "Fetching",
        },
      },
      "type": "state-changed",
    },
    Object {
      "data": Object {
        "resourceLoadParamsHash": "59edd2a8",
        "resourceType": "testDataType",
      },
      "type": "begin-loading-event",
    },
  ],
  "loadAllCompletedCalled": 1,
  "loadDataCount": 3,
  "renderActions": Object {
    "refresh": [Function],
  },
  "renderCount": 3,
  "renderProps": Object {
    "data": Object {
      "dataFromServerSideRender": false,
      "hasData": true,
      "result": Object {
        "result": "Test",
      },
    },
    "lastAction": Object {
      "success": true,
      "type": "none",
    },
    "status": "Fetching",
  },
}
`;

exports[`data-loader can refresh data 1`] = `
Object {
  "events": Array [
    Object {
      "state": Object {},
      "type": "state-changed",
    },
    Object {
      "state": Object {
        "59edd2a8": Object {
          "data": Object {
            "hasData": false,
          },
          "lastAction": Object {
            "success": true,
            "type": "none",
          },
          "status": "Fetching",
        },
      },
      "type": "state-changed",
    },
    Object {
      "data": Object {
        "resourceLoadParamsHash": "59edd2a8",
        "resourceType": "testDataType",
      },
      "type": "begin-loading-event",
    },
    Object {
      "state": Object {
        "59edd2a8": Object {
          "data": Object {
            "dataFromServerSideRender": false,
            "hasData": true,
            "result": Object {
              "result": "Test",
            },
          },
          "lastAction": Object {
            "success": true,
            "type": "fetch",
          },
          "status": "Idle",
        },
      },
      "type": "state-changed",
    },
    Object {
      "data": Object {
        "resourceLoadParamsHash": "59edd2a8",
        "resourceType": "testDataType",
      },
      "type": "end-loading-event",
    },
    Object {
      "data": Object {
        "resourceLoadParamsHash": "59edd2a8",
        "resourceType": "testDataType",
      },
      "type": "data-load-completed",
    },
  ],
  "loadAllCompletedCalled": 1,
  "loadDataCount": 1,
  "renderActions": Object {
    "refresh": [Function],
  },
  "renderCount": 2,
  "renderProps": Object {
    "data": Object {
      "dataFromServerSideRender": false,
      "hasData": true,
      "result": Object {
        "result": "Test",
      },
    },
    "lastAction": Object {
      "success": true,
      "type": "fetch",
    },
    "status": "Idle",
  },
}
`;

exports[`data-loader can refresh data 2`] = `
Object {
  "events": Array [
    Object {
      "state": Object {},
      "type": "state-changed",
    },
    Object {
      "state": Object {
        "59edd2a8": Object {
          "data": Object {
            "hasData": false,
          },
          "lastAction": Object {
            "success": true,
            "type": "none",
          },
          "status": "Fetching",
        },
      },
      "type": "state-changed",
    },
    Object {
      "data": Object {
        "resourceLoadParamsHash": "59edd2a8",
        "resourceType": "testDataType",
      },
      "type": "begin-loading-event",
    },
    Object {
      "state": Object {
        "59edd2a8": Object {
          "data": Object {
            "dataFromServerSideRender": false,
            "hasData": true,
            "result": Object {
              "result": "Test",
            },
          },
          "lastAction": Object {
            "success": true,
            "type": "fetch",
          },
          "status": "Idle",
        },
      },
      "type": "state-changed",
    },
    Object {
      "data": Object {
        "resourceLoadParamsHash": "59edd2a8",
        "resourceType": "testDataType",
      },
      "type": "end-loading-event",
    },
    Object {
      "data": Object {
        "resourceLoadParamsHash": "59edd2a8",
        "resourceType": "testDataType",
      },
      "type": "data-load-completed",
    },
    Object {
      "state": Object {
        "59edd2a8": Object {
          "data": Object {
            "dataFromServerSideRender": false,
            "hasData": true,
            "result": Object {
              "result": "Test",
            },
          },
          "lastAction": Object {
            "success": true,
            "type": "none",
          },
          "status": "Fetching",
        },
      },
      "type": "state-changed",
    },
    Object {
      "data": Object {
        "resourceLoadParamsHash": "59edd2a8",
        "resourceType": "testDataType",
      },
      "type": "begin-loading-event",
    },
  ],
  "loadAllCompletedCalled": 1,
  "loadDataCount": 2,
  "renderActions": Object {
    "refresh": [Function],
  },
  "renderCount": 3,
  "renderProps": Object {
    "data": Object {
      "dataFromServerSideRender": false,
      "hasData": true,
      "result": Object {
        "result": "Test",
      },
    },
    "lastAction": Object {
      "success": true,
      "type": "none",
    },
    "status": "Fetching",
  },
}
`;

exports[`data-loader can refresh data 3`] = `
Object {
  "events": Array [
    Object {
      "state": Object {},
      "type": "state-changed",
    },
    Object {
      "state": Object {
        "59edd2a8": Object {
          "data": Object {
            "hasData": false,
          },
          "lastAction": Object {
            "success": true,
            "type": "none",
          },
          "status": "Fetching",
        },
      },
      "type": "state-changed",
    },
    Object {
      "data": Object {
        "resourceLoadParamsHash": "59edd2a8",
        "resourceType": "testDataType",
      },
      "type": "begin-loading-event",
    },
    Object {
      "state": Object {
        "59edd2a8": Object {
          "data": Object {
            "dataFromServerSideRender": false,
            "hasData": true,
            "result": Object {
              "result": "Test",
            },
          },
          "lastAction": Object {
            "success": true,
            "type": "fetch",
          },
          "status": "Idle",
        },
      },
      "type": "state-changed",
    },
    Object {
      "data": Object {
        "resourceLoadParamsHash": "59edd2a8",
        "resourceType": "testDataType",
      },
      "type": "end-loading-event",
    },
    Object {
      "data": Object {
        "resourceLoadParamsHash": "59edd2a8",
        "resourceType": "testDataType",
      },
      "type": "data-load-completed",
    },
    Object {
      "state": Object {
        "59edd2a8": Object {
          "data": Object {
            "dataFromServerSideRender": false,
            "hasData": true,
            "result": Object {
              "result": "Test",
            },
          },
          "lastAction": Object {
            "success": true,
            "type": "none",
          },
          "status": "Fetching",
        },
      },
      "type": "state-changed",
    },
    Object {
      "data": Object {
        "resourceLoadParamsHash": "59edd2a8",
        "resourceType": "testDataType",
      },
      "type": "begin-loading-event",
    },
    Object {
      "state": Object {
        "59edd2a8": Object {
          "data": Object {
            "dataFromServerSideRender": false,
            "hasData": true,
            "result": Object {
              "result": "Test2",
            },
          },
          "lastAction": Object {
            "success": true,
            "type": "fetch",
          },
          "status": "Idle",
        },
      },
      "type": "state-changed",
    },
    Object {
      "data": Object {
        "resourceLoadParamsHash": "59edd2a8",
        "resourceType": "testDataType",
      },
      "type": "end-loading-event",
    },
    Object {
      "data": Object {
        "resourceLoadParamsHash": "59edd2a8",
        "resourceType": "testDataType",
      },
      "type": "data-load-completed",
    },
  ],
  "loadAllCompletedCalled": 2,
  "loadDataCount": 2,
  "renderActions": Object {
    "refresh": [Function],
  },
  "renderCount": 4,
  "renderProps": Object {
    "data": Object {
      "dataFromServerSideRender": false,
      "hasData": true,
      "result": Object {
        "result": "Test2",
      },
    },
    "lastAction": Object {
      "success": true,
      "type": "fetch",
    },
    "status": "Idle",
  },
}
`;
